[seancolson.com/index.html]
[backblue.gif]
[fade.gif]
[index.html]
[seancolson.com/headerxml.js]
[seancolson.com/button4.jpg]
[seancolson.com/button5.jpg]
[seancolson.com/button7.jpg]
[seancolson.com/button8.jpg]
[seancolson.com/buttonA.jpg]
[seancolson.com/buttonB.jpg]
[seancolson.com/buttonD.jpg]
[seancolson.com/buttonE.jpg]
[seancolson.com/button13.jpg]
[seancolson.com/button14.jpg]
[seancolson.com/button23.jpg]
[seancolson.com/button24.jpg]
[seancolson.com/button25.jpg]
[seancolson.com/button29.jpg]
[seancolson.com/buttonD1.jpg]
[seancolson.com/buttonE1.jpg]
[seancolson.com/button15.jpg]
[seancolson.com/button16.jpg]
[seancolson.com/button18.jpg]
[seancolson.com/button19.jpg]
[seancolson.com/button1B.jpg]
[seancolson.com/button1C.jpg]
[seancolson.com/button35.jpg]
[seancolson.com/button38.jpg]
[seancolson.com/button41.jpg]
[seancolson.com/button42.jpg]
[seancolson.com/button44.jpg]
[seancolson.com/button45.jpg]
[seancolson.com/button2.jpg]
[seancolson.com/button46.jpg]
[seancolson.com/index-2.html]
[seancolson.com/button3.jpg]
[seancolson.com/sellaproperty.html]
[seancolson.com/button6.jpg]
[seancolson.com/buyaproperty.html]
[seancolson.com/button9.jpg]
[seancolson.com/propertysearch.html]
[seancolson.com/buttonC.jpg]
[seancolson.com/contactus.html]
[www.seancolson.com/button12.jpg]
[seancolson.com/1.jpg]
[seancolson.com/2.jpg]
[seancolson.com/3.jpg]
[seancolson.com/sc 2285 Lemon Avenue, Manasota Beach.jpg]
[seancolson.com/sc 2285 Lemon Avenue, Manasota Beach Inside.jpg]
[seancolson.com/LeipzigAerialBocaGrande3.jpg]
[seancolson.com/soldproperties.html]
[seancolson.com/buttonC1.jpg]
[seancolson.com/buttonF.jpg]
[seancolson.com/public_html/seancolson/sc SEAN For Sale Sign Picture.jpg]
[www.altavista.com/static/scripts/translate_engl.34.delayed]
[seancolson.com/aboutbeaches.html]
[seancolson.com/images/rentme.jpg]
[seancolson.com/public_html/realtor.gif]
[seancolson.com/public_html/international_banner.jpg]
[seancolson.com/public_html/ehouse.gif]
[seancolson.com/index.html]
[seancolson.com/index-2.html]
[seancolson.com/_MG_7222wl.jpg]
[seancolson.com/dock.jpg]
[seancolson.com/poolwl.jpg]
[seancolson.com/sc 15276 Leipzig    (Coming into the house by boat.).jpg]
[seancolson.com/462lg1rws.jpg]
[seancolson.com/sc SEAN For Sale Sign Picture.jpg]
[seancolson.com/sellaproperty.html]
[seancolson.com/public_html/listings.css]
[seancolson.com/public_html/mock1.css]
[seancolson.com/public_html/template.css]
[seancolson.com/public_html/15276leipzigcircle/_MG_7222wl.jpg]
[seancolson.com/public_html/462lg1rws.jpg]
[seancolson.com/buyaproperty.html]
[seancolson.com/propertysearch.html]
[seancolson.com/button1F.jpg]
[seancolson.com/button1E.jpg]
[seancolson.com/button3D.jpg]
[seancolson.com/button3C.jpg]
[seancolson.com/button22.jpg]
[seancolson.com/button21.jpg]
[seancolson.com/button28.jpg]
[seancolson.com/button27.jpg]
[seancolson.com/button5D.jpg]
[seancolson.com/button5C.jpg]
[seancolson.com/button34.jpg]
[seancolson.com/button33.jpg]
[seancolson.com/public_html/propertysearch.html]
[seancolson.com/public_html/seancolson/propertysearch.html]
[seancolson.com/public_html/script_gray_kw_bg.gif]
[seancolson.com/public_html/images/193343_thumb.jpg]
[seancolson.com/public_html/images/193341_thumb.jpg]
[seancolson.com/public_html/images/193344_thumb.jpg]
[seancolson.com/public_html/seancolson/index.html]
[seancolson.com/public_html/seancolson/sellaproperty.html]
[seancolson.com/public_html/seancolson/buyaproperty.html]
[seancolson.com/public_html/seancolson/button1D.jpg]
[seancolson.com/button1D.jpg]
[seancolson.com/public_html/seancolson/button3B.jpg]
[seancolson.com/button3B.jpg]
[seancolson.com/public_html/seancolson/button20.jpg]
[seancolson.com/button20.jpg]
[seancolson.com/public_html/seancolson/button26.jpg]
[seancolson.com/button26.jpg]
[seancolson.com/public_html/seancolson/button5B.jpg]
[seancolson.com/button5B.jpg]
[seancolson.com/public_html/seancolson/button32.jpg]
[seancolson.com/button32.jpg]
[seancolson.com/public_html/images/realtor.gif]
[seancolson.com/public_html/images/ehouse.gif]
[seancolson.com/contactus.html]
[seancolson.com/Brent4.html]
[seancolson.com/BrentspropertySkyViewLocation4.jpg]
[seancolson.com/Brent5.html]
[seancolson.com/BrentspropertySkyViewLocation5.jpg]
[www.google-analytics.com/urchin.js]
[seancolson.com/soldproperties.html]
[seancolson.com/beachmontage1.jpg]
[seancolson.com/Publication12.jpg]
[seancolson.com/aboutbeaches.html]
[seancolson.com/public_html/listings.css]
[seancolson.com/public_html/mock1.css]
[seancolson.com/public_html/template.css]
[seancolson.com/public_html/seancolson/button1F.jpg]
[seancolson.com/public_html/seancolson/button1E.jpg]
[seancolson.com/public_html/seancolson/button3D.jpg]
[seancolson.com/public_html/seancolson/button3C.jpg]
[seancolson.com/public_html/seancolson/button22.jpg]
[seancolson.com/public_html/seancolson/button21.jpg]
[seancolson.com/public_html/seancolson/button28.jpg]
[seancolson.com/public_html/seancolson/button27.jpg]
[seancolson.com/public_html/seancolson/button5D.jpg]
[seancolson.com/public_html/seancolson/button5C.jpg]
[seancolson.com/public_html/seancolson/button34.jpg]
[seancolson.com/public_html/seancolson/button33.jpg]
[seancolson.com/public_html/index.html]
[seancolson.com/public_html/sellaproperty.html]
[seancolson.com/public_html/buyaproperty.html]
[seancolson.com/public_html/contactus.html]
[seancolson.com/public_html/aboutbeachesfi.html]
[seancolson.com/public_html/propertysearch.html]
[seancolson.com/public_html/seancolson/contactus.html]
[seancolson.com/public_html/seancolson/aboutbeaches.html]
[seancolson.com/public_html/seancolson/propertysearch.html]
[seancolson.com/public_html/seancolson/button36.jpg]
[seancolson.com/public_html/seancolson/button37.jpg]
[seancolson.com/public_html/seancolson/button7F.gif]
[seancolson.com/public_html/seancolson/button80.gif]
[seancolson.com/public_html/193341_thumb.jpg]
[seancolson.com/public_html/193343_thumb.jpg]
[seancolson.com/public_html/seancolson/193344_thumb.jpg]
[seancolson.com/public_html/seancolson/soldproperties.html]
[seancolson.com/public_html/seancolson/button7E.gif]
[seancolson.com/public_html/seancolson/listing1242006.html]
[seancolson.com/public_html/seancolson/index.html]
[seancolson.com/public_html/seancolson/sellaproperty.html]
[seancolson.com/public_html/seancolson/buyaproperty.html]
[seancolson.com/Brent4.html]
[seancolson.com/Brent5.html]
[seancolson.com/images/templates/body_bg.html]
[seancolson.com/public_html/button82.jpg]
[seancolson.com/public_html/button83.jpg]
[seancolson.com/public_html/soldpropertiesfi.html]
[seancolson.com/public_html/button81.jpg]
[seancolson.com/public_html/MCj03098440000[1].gif]
[seancolson.com/public_html/listing1242006.html]
[seancolson.com/public_html/index.html]
[seancolson.com/public_html/sellaproperty.html]
[seancolson.com/public_html/buyaproperty.html]
[seancolson.com/public_html/contactus.html]
[seancolson.com/public_html/193344_thumb.jpg]
[seancolson.com/public_html/seancolson/beachmontage1.jpg]
[seancolson.com/public_html/Publication12.jpg]
[seancolson.com/public_html/aboutbeachesfi.html]
[seancolson.com/public_html/seancolson/contactus.html]
[seancolson.com/public_html/seancolson/Publication12.jpg]
[seancolson.com/public_html/seancolson/aboutbeaches.html]
[seancolson.com/public_html/seancolson/Brent4.html]
[seancolson.com/public_html/seancolson/BrentspropertySkyViewLocation4.jpg]
[seancolson.com/public_html/seancolson/Brent5.html]
[seancolson.com/public_html/seancolson/BrentspropertySkyViewLocation5.jpg]
[seancolson.com/public_html/seancolson/brent'shouse.wmv]
[seancolson.com/public_html/seancolson/soldproperties.html]
[seancolson.com/public_html/seancolson/20060125-004525.wmv]
[seancolson.com/public_html/seancolson/IMG_0009 sm.jpg]
[seancolson.com/public_html/seancolson/listing1242006.html]
[seancolson.com/_vti_bin/fpcount.exe/index9488.html]
[seancolson.com/southgulfcove/locktogulf.html]
[seancolson.com/public_html/Brent4fi.html]
[seancolson.com/public_html/Brent5fi.html]
[seancolson.com/public_html/soldpropertiesfi.html]
[seancolson.com/public_html/listing1242006.html]
[seancolson.com/public_html/seancolson/Brent4.html]
[seancolson.com/public_html/seancolson/Brent5.html]
[seancolson.com/public_html/seancolson/brent'shouse.wmv]
[seancolson.com/_vti_bin/fpcount.exe/indexdd0b.html]
[seancolson.com/colsoncrea/arrangeableartblocks/assortedblocks/images/button10.html]
[seancolson.com/colsoncrea/arrangeableartblocks/assortedblocks/images/button11.html]
[seancolson.com/colsoncrea/arrangeableartblocks/assortedblocks/images/button13.html]
[seancolson.com/colsoncrea/arrangeableartblocks/assortedblocks/images/button14.html]
[seancolson.com/colsoncrea/arrangeableartblocks/assortedblocks/images/buttonF.html]
[seancolson.com/185Oberlin/185oberlin.html]
[seancolson.com/colsoncrea/arrangeableartblocks/assortedblocks/images/button12.html]
[seancolson.com/images/row_bground.html]
[seancolson.com/images/templates/header_bar_bg.html]
[seancolson.com/images/templates/subnav_bg.html]
[seancolson.com/images/templates/footer_bar_bg.html]
[seancolson.com/public_html/Brent4fi.html]
[seancolson.com/public_html/Brent5fi.html]
[seancolson.com/_vti_bin/fpcount.exe/index83ac.html]
[seancolson.com/public_html/seancolson/20060125-004525.wmv]
[seancolson.com/floridaingatlanok1/BrentspropertySkyViewLocation4.html]
[seancolson.com/floridaingatlanok1/BrentspropertySkyViewLocation5.html]
[seancolson.com/public_html/seancolson/brent'shouse.wmv]
[floridaingatlanok.com/international_banner.jpg]
